[properties.emaar.com/en/properties/marina-views-at-rashid-yachts-marina/index.html]
[backblue.gif]
[fade.gif]
[index.html]
[properties-emaar-com.azureedge.net/wp-content/plugins/instagram-feed/css/sbi-styles.min9b30.css]
[properties-emaar-com.azureedge.net/wp-content/cache/min/1/wp-content/plugins/sitepress-multilingual-cms/dist/css/blocks/stylesbbba.css]
[properties-emaar-com.azureedge.net/wp-content/cache/min/1/wp-content/themes/wp-bootstrap-starter/stylebbba.css]
[properties-emaar-com.azureedge.net/wp-content/cache/min/1/wp-content/themes/emaar/inc/assets/css/ext.minbbba.css]
[properties-emaar-com.azureedge.net/wp-content/cache/min/1/wp-content/themes/emaar/inc/assets/js/swiperjs/swiper.minbbba.css]
[properties-emaar-com.azureedge.net/wp-content/cache/min/1/assets/external/widgetbbba.css]
[properties-emaar-com.azureedge.net/wp-content/themes/wp-bootstrap-starter/inc/assets/css/bootstrap.mine63c.css]
[properties-emaar-com.azureedge.net/wp-content/cache/min/1/wp-content/themes/emaar/stylebbba.css]
[properties-emaar-com.azureedge.net/wp-content/themes/emaar/inc/assets/js/jquery.min.js]
[properties-emaar-com.azureedge.net/wp-content/cache/min/1/wp-content/plugins/sitepress-multilingual-cms/res/js/cookies/language-cookiebbba.js]
[properties-emaar-com.azureedge.net/wp-content/themes/emaar/inc/assets/js/ext.min246b.js]
[properties-emaar-com.azureedge.net/wp-content/themes/emaar/inc/assets/js/lazyload.mine63c.js]
[properties-emaar-com.azureedge.net/wp-content/cache/min/1/assets/external/widget1f3b.js]
[properties-emaar-com.azureedge.net/wp-content/cache/min/1/wp-content/themes/emaar/inc/assets/js/ajax1f3b.js]
[cdn.amplitude.com/libs/amplitude-7.2.1-min.gz.js]
[properties.emaar.com/wp-content/themes/emaar/inc/assets/images/clear.gif]
[cdn.properties.emaar.com/wp-content/uploads/2024/07/HERO_1620X832_1.jpg]
[cdn.properties.emaar.com/wp-content/uploads/2024/07/HERO_1620X832_2-1.jpg]
[cdn.properties.emaar.com/wp-content/uploads/2024/07/HERO_1620X832_3.jpg]
[cdn.properties.emaar.com/wp-content/uploads/2024/07/HERO_1620X832_4-2.jpg]
[cdn.properties.emaar.com/wp-content/uploads/2024/07/HERO_1620X832_5.jpg]
[cdn.properties.emaar.com/wp-content/uploads/2024/07/BROCHURE_IMG_300X210.jpg]
[cdn.properties.emaar.com/wp-content/uploads/2024/07/FEATURES_1200X655_2.jpg]
[cdn.properties.emaar.com/wp-content/uploads/2024/07/FEATURES_1200X655_5.jpg]
[cdn.properties.emaar.com/wp-content/uploads/2024/07/PRO_EXT_1-670x500.jpg]
[cdn.properties.emaar.com/wp-content/uploads/2024/07/PRO_EXT_2-670x500.jpg]
[cdn.properties.emaar.com/wp-content/uploads/2024/07/PRO_EXT_3-670x500.jpg]
[cdn.properties.emaar.com/wp-content/uploads/2024/07/PRO_EXT_4-670x500.jpg]
[cdn.properties.emaar.com/wp-content/uploads/2024/07/PRO_EXT_5-670x500.jpg]
[cdn.properties.emaar.com/wp-content/uploads/2024/07/PRO_INT_1-670x500.jpg]
[cdn.properties.emaar.com/wp-content/uploads/2024/07/PRO_INT_2-670x500.jpg]
[cdn.properties.emaar.com/wp-content/uploads/2024/07/PRO_INT_3-670x500.jpg]
[cdn.properties.emaar.com/wp-content/uploads/2024/07/PRO_INT_4-670x500.jpg]
[cdn.properties.emaar.com/wp-content/uploads/2020/02/COMM_IMG_440X570-440x570.jpg]
[cdn.properties.emaar.com/wp-content/uploads/2020/02/COMM_IMG_706X385_1-706x385.jpg]
[cdn.properties.emaar.com/wp-content/uploads/2020/02/COMM_IMG_706X385_2-706x385.jpg]
[cdn.properties.emaar.com/wp-content/uploads/2020/02/COMM_IMG_706X385_3-706x385.jpg]
[cdn.properties.emaar.com/wp-content/uploads/2020/02/COMM_IMG_706X385_4-706x385.jpg]
[cdn.properties.emaar.com/wp-content/uploads/2024/07/PRO_EXT_1-1024x740.jpg]
[cdn.properties.emaar.com/wp-content/uploads/2024/07/PRO_EXT_2-1024x740.jpg]
[cdn.properties.emaar.com/wp-content/uploads/2024/07/PRO_EXT_3-1024x740.jpg]
[cdn.properties.emaar.com/wp-content/uploads/2024/07/PRO_EXT_4-1024x740.jpg]
[cdn.properties.emaar.com/wp-content/uploads/2024/07/PRO_EXT_5-1024x740.jpg]
[cdn.properties.emaar.com/wp-content/themes/emaar/inc/assets/images/arrow-left-w.png]
[cdn.properties.emaar.com/wp-content/themes/emaar/inc/assets/images/arrow-right-w.png]
[cdn.properties.emaar.com/wp-content/uploads/2024/07/PRO_INT_1-1024x740.jpg]
[cdn.properties.emaar.com/wp-content/uploads/2024/07/PRO_INT_2-1024x740.jpg]
[cdn.properties.emaar.com/wp-content/uploads/2024/07/PRO_INT_3-1024x740.jpg]
[cdn.properties.emaar.com/wp-content/uploads/2024/07/PRO_INT_4-1024x740.jpg]
[properties.emaar.com/wp-content/themes/emaar/inc/assets/images/hospital.png]
[properties.emaar.com/wp-content/themes/emaar/inc/assets/images/school.png]
[properties.emaar.com/wp-content/themes/emaar/inc/assets/images/malls.png]
[properties.emaar.com/wp-content/themes/emaar/inc/assets/images/grocery.png]
[properties.emaar.com/wp-content/themes/emaar/inc/assets/images/pharmacy.png]
[properties.emaar.com/wp-content/themes/emaar/inc/assets/images/gas.png]
[properties.emaar.com/wp-content/themes/emaar/inc/assets/images/gym.png]
[properties.emaar.com/wp-content/themes/emaar/inc/assets/images/transportation.png]
[maps.google.com/mapfiles/kml/pal4/icon39.png]
[properties-emaar-com.azureedge.net/wp-content/plugins/gravityforms/legacy/css/formsmain.min08d4.css]
[properties-emaar-com.azureedge.net/wp-content/themes/emaar/inc/assets/js/swiperjs/swiper.min8a54.js]
[properties-emaar-com.azureedge.net/wp-content/cache/min/1/wp-content/themes/emaar/inc/assets/js/jquery.imagemapster1f3b.js]
[properties-emaar-com.azureedge.net/wp-content/cache/min/1/wp-content/themes/emaar/inc/assets/js/interactive-property/interactive-property1f3b.js]
[properties-emaar-com.azureedge.net/wp-content/cache/min/1/wp-content/themes/emaar/inc/assets/js/scripts1f3b.js]
[properties-emaar-com.azureedge.net/wp-content/themes/wp-bootstrap-starter/inc/assets/js/popper.mine63c.js]
[properties-emaar-com.azureedge.net/wp-content/themes/wp-bootstrap-starter/inc/assets/js/bootstrap.mine63c.js]
[properties-emaar-com.azureedge.net/wp-includes/js/dist/vendor/wp-polyfill-inert.min0226.js]
[properties-emaar-com.azureedge.net/wp-includes/js/dist/vendor/regenerator-runtime.min6c85.js]
[properties-emaar-com.azureedge.net/wp-includes/js/dist/vendor/wp-polyfill.min2c7c.js]
[properties-emaar-com.azureedge.net/wp-includes/js/dist/dom-ready.min5346.js]
[properties-emaar-com.azureedge.net/wp-includes/js/dist/hooks.min2757.js]
[properties-emaar-com.azureedge.net/wp-includes/js/dist/i18n.minc33c.js]
[properties-emaar-com.azureedge.net/wp-includes/js/dist/a11y.mine810.js]
[properties-emaar-com.azureedge.net/wp-content/plugins/gravityforms/js/jquery.json.min08d4.js]
[properties-emaar-com.azureedge.net/wp-content/plugins/gravityforms/js/gravityforms.min08d4.js]
[properties-emaar-com.azureedge.net/wp-content/plugins/gravityforms/js/conditional_logic.min08d4.js]
[www.google.com/recaptcha/api782f.js]
[properties-emaar-com.azureedge.net/wp-content/plugins/gravityforms/js/jquery.textareaCounter.plugin.min08d4.js]
[properties-emaar-com.azureedge.net/wp-content/plugins/gravityforms/js/placeholders.jquery.min08d4.js]
[properties-emaar-com.azureedge.net/wp-content/plugins/gravityforms/assets/js/dist/utils.minbdb4.js]
[properties-emaar-com.azureedge.net/wp-content/plugins/gravityforms/assets/js/dist/vendor-theme.minca9e.js]
[properties-emaar-com.azureedge.net/wp-content/plugins/gravityforms/assets/js/dist/scripts-theme.min00af.js]
[properties.emaar.com/en/properties/marina-views-at-rashid-yachts-marina/index.html]
[properties-emaar-com.azureedge.net/wp-content/cache/min/1/collect1f3b.js]
[properties-emaar-com.azureedge.net/wp-content/plugins/instagram-feed/img/sbi-sprite.png]
[properties-emaar-com.azureedge.net/wp-content/plugins/instagram-feed/css/sbi-styles.min9b30.css]
[properties-emaar-com.azureedge.net/wp-content/cache/min/1/wp-content/plugins/sitepress-multilingual-cms/dist/css/blocks/stylesbbba.css]
[properties-emaar-com.azureedge.net/wp-content/cache/min/1/wp-content/themes/wp-bootstrap-starter/stylebbba.css]
[properties-emaar-com.azureedge.net/wp-content/cache/min/1/wp-content/themes/emaar/inc/assets/css/ext.minbbba.css]
[properties-emaar-com.azureedge.net/wp-content/cache/min/1/wp-content/themes/emaar/inc/assets/js/swiperjs/swiper.minbbba.css]
[properties-emaar-com.azureedge.net/wp-content/cache/min/1/assets/external/widgetbbba.css]
[properties-emaar-com.azureedge.net/wp-content/themes/wp-bootstrap-starter/inc/assets/css/bootstrap.mine63c.css]
[properties-emaar-com.azureedge.net/wp-content/cache/min/1/wp-content/themes/emaar/stylebbba.css]
[www.googletagmanager.com/gtm5445.html]
[properties-emaar-com.azureedge.net/wp-content/plugins/gravityforms/legacy/css/chosen-sprite.png]
[properties.emaar.com/en/properties/marina-views-at-rashid-yachts-marina/Trident/index.html]
[properties-emaar-com.azureedge.net/wp-content/plugins/gravityforms/legacy/css/chosen-sprite@2x.png]
[properties-emaar-com.azureedge.net/wp-content/plugins/gravityforms/legacy/css/formsmain.min08d4.css]
[fast.fonts.net/lt/144b2.css]
[properties.emaar.com/en/properties/marina-views-at-rashid-yachts-marina/Trident/index.html]
